files/53.csv
id,week,center_id,meal_id,checkout_price,base_price,emailer_for_promotion,homepage_featured,num_orders
1331630,1,53,1230,316.28,379.33,0,1,284
1046500,2,53,1230,316.28,379.33,0,1,392
1187468,3,53,1230,320.1,379.33,1,1,134
1297397,4,53,1230,316.22,378.33,0,1,175
1336161,6,53,1230,382.24,381.24,0,0,69
1452256,7,53,1230,376.39,377.39,0,0,41
1418281,8,53,1230,351.2,349.2,0,0,13
1485425,9,53,1230,175.6,351.2,0,0,26
1230487,10,53,1230,388,388,0,0,13
1185737,11,53,1230,380.3,380.3,0,0,53
1105106,12,53,1230,350.2,350.2,0,0,27
1413842,13,53,1230,380.3,379.3,0,0,55
1342288,14,53,1230,323.98,380.3,1,1,150
1299456,15,53,1230,324.98,378.3,0,1,163
1223599,16,53,1230,318.19,380.3,0,0,69
1490158,17,53,1230,323.98,378.3,1,1,41
1093596,18,53,1230,314.28,380.3,1,0,149
1217551,19,53,1230,389,389,0,0,42
1239098,20,53,1230,377.39,376.39,0,0,40
1362149,21,53,1230,389,388,0,0,82
1491188,22,53,1230,389,389,0,0,53
1361303,23,53,1230,389,388,0,0,13
1455337,24,53,1230,388,389,0,0,28
1033269,25,53,1230,390,388,0,0,13
1220391,26,53,1230,390,390,0,0,41
1326167,28,53,1230,390,390,0,0,15
1457014,29,53,1230,388,389,0,0,14
1111090,31,53,1230,388,388,0,0,26
1415891,32,53,1230,341.5,390,0,0,28
1178452,33,53,1230,325.95,389,1,0,67
1013047,34,53,1230,274.54,388,0,0,28
1153388,35,53,1230,474.33,475.33,0,0,13
1093964,36,53,1230,371.57,476.33,0,0,68
1367206,37,53,1230,470.45,471.45,0,0,27
1334129,39,53,1230,329.83,471.45,0,0,28
1001529,40,53,1230,476.33,475.33,0,0,28
1105129,41,53,1230,476.33,476.33,0,0,15
1142275,42,53,1230,475.33,476.33,0,0,14
1199176,43,53,1230,476.33,474.33,0,0,14
1150095,44,53,1230,475.33,475.33,0,0,26
1052680,46,53,1230,453.05,453.05,0,0,53
1473128,47,53,1230,475.33,476.33,0,0,27
1372424,48,53,1230,475.33,474.33,0,0,55
1499810,49,53,1230,286.21,474.33,1,1,339
1153255,50,53,1230,287.15,474.33,0,1,297
1453993,51,53,1230,288.12,475.33,1,0,271
1305616,52,53,1230,290.06,474.33,1,0,310
1436189,53,53,1230,281.3,475.33,0,0,501
1058891,54,53,1230,284.21,476.33,0,0,81
1006499,55,53,1230,474.33,475.33,0,0,27
1364402,56,53,1230,475.33,474.33,0,0,42
1203950,57,53,1230,459.78,461.78,0,0,134
1267424,58,53,1230,464.63,465.63,0,0,26
1490827,59,53,1230,453.96,454.96,0,0,121
1298318,60,53,1230,464.63,465.63,0,0,28
1389780,61,53,1230,321.13,465.63,0,0,28
1158785,62,53,1230,434.59,433.59,0,0,28
1160189,63,53,1230,464.63,464.63,0,0,15
1269981,64,53,1230,465.63,466.63,0,0,15
1128137,65,53,1230,350.2,465.63,0,0,81
1329107,66,53,1230,364.78,464.63,0,0,26
1278970,67,53,1230,369.63,464.63,0,0,176
1108627,68,53,1230,368.63,465.63,0,0,13
1396375,69,53,1230,482.12,483.12,0,0,41
1003366,70,53,1230,458.87,456.87,0,0,80
1128063,71,53,1230,465.63,465.63,0,0,26
1304042,72,53,1230,465.63,464.63,0,0,15
1129146,73,53,1230,465.63,465.63,0,0,15
1459742,74,53,1230,465.63,465.63,0,0,53
1158276,75,53,1230,465.63,464.63,0,0,26
1256520,76,53,1230,465.63,464.63,0,0,27
1401566,77,53,1230,466.63,466.63,0,0,15
1488049,78,53,1230,464.63,465.63,0,0,28
1432972,79,53,1230,442.35,443.35,0,0,26
1229647,80,53,1230,382.24,443.35,0,0,67
1238513,81,53,1230,390,443.35,0,0,42
1450595,82,53,1230,382.21,443.35,0,0,81
1448145,83,53,1230,389,443.35,0,0,54
1243624,84,53,1230,388,442.35,0,0,14
1381560,85,53,1230,369.6,443.35,0,0,80
1432577,86,53,1230,389,388,0,0,53
1315217,87,53,1230,375.45,375.45,0,0,53
1211706,88,53,1230,388,388,0,0,28
1376794,89,53,1230,356.99,356.99,0,0,42
1305366,90,53,1230,388,388,0,0,14
1036923,91,53,1230,325.01,389,0,0,135
1236890,92,53,1230,319.19,389,0,0,136
1115029,93,53,1230,297.82,389,0,0,94
1399328,94,53,1230,325.98,389,0,0,108
1043256,95,53,1230,324.98,389,0,0,41
1333296,96,53,1230,323.98,390,0,0,122
1471483,97,53,1230,317.25,316.25,0,0,162
1055772,98,53,1230,318.22,317.22,0,0,53
1439600,99,53,1230,316.28,315.28,0,0,55
1277489,100,53,1230,323.07,322.07,0,0,177
1449214,101,53,1230,314.31,321.07,1,0,41
1151454,102,53,1230,320.16,320.16,0,0,135
1237435,103,53,1230,313.34,314.34,0,0,41
1333560,104,53,1230,322.04,323.04,0,0,80
1373397,105,53,1230,317.22,318.22,0,0,175
1388483,106,53,1230,464.63,466.63,0,0,15
1411228,108,53,1230,481.15,481.15,0,0,40
1086260,110,53,1230,311.37,481.15,0,1,108
1249479,111,53,1230,315.31,482.15,1,1,175
1204350,112,53,1230,323.98,481.15,0,1,134
1035690,113,53,1230,355.05,482.15,0,1,163
1090810,114,53,1230,359.93,481.15,0,1,67
1017531,116,53,1230,347.29,482.15,0,1,80
1062772,117,53,1230,390,482.15,0,1,96
1323958,118,53,1230,369.6,480.15,0,1,15
1119997,119,53,1230,402.55,482.15,0,0,69
1117179,120,53,1230,390,482.15,0,0,108
1478625,121,53,1230,317.19,481.15,1,0,134
1148761,122,53,1230,513.13,514.13,0,0,28
1261981,123,53,1230,515.13,515.13,0,0,53
1208952,124,53,1230,377.39,513.13,0,0,41
1109744,125,53,1230,390,515.13,0,0,41
1372086,126,53,1230,388,515.13,0,0,95
1207871,127,53,1230,388,514.13,0,0,134
1292221,128,53,1230,386.12,514.13,0,0,176
1207504,129,53,1230,338.53,513.13,1,0,121
1238454,130,53,1230,332.74,514.13,0,1,136
1271449,131,53,1230,366.66,513.13,0,0,94
1007052,132,53,1230,339.53,340.53,0,0,108
1106836,133,53,1230,382.18,338.53,0,1,94
1281242,134,53,1230,379.3,338.53,0,1,53
1249934,135,53,1230,388,388,0,0,122
1391944,136,53,1230,389,388,0,0,67
1367090,137,53,1230,371.51,373.51,0,0,82
1390160,138,53,1230,370.54,371.54,0,0,53
1213399,139,53,1230,380.24,381.24,0,0,67
1466975,140,53,1230,389,389,0,0,67
1268807,141,53,1230,389,388,0,0,41
1318719,142,53,1230,390,390,0,0,41
1211730,143,53,1230,389,388,0,0,121
1007022,144,53,1230,389,390,0,0,54
1257930,145,53,1230,389,390,0,0,55
1242599,1,53,2322,314.28,385.12,0,1,500
1355410,2,53,2322,317.19,384.12,0,1,460
1213235,3,53,2322,318.16,386.12,1,1,162
1065272,4,53,2322,325.98,386.12,0,0,243
1450589,5,53,2322,375.39,376.39,0,0,188
1150642,6,53,2322,379.3,380.3,0,0,109
1186831,7,53,2322,381.24,380.24,0,0,135
1432212,8,53,2322,378.3,379.3,0,0,13
1081112,9,53,2322,389,388,0,0,40
1382275,10,53,2322,338.56,388,0,0,69
1136143,11,53,2322,390,388,0,0,27
1480458,12,53,2322,384.12,384.12,0,0,122
1381410,13,53,2322,379.3,379.3,0,0,109
1377165,14,53,2322,317.25,379.3,1,1,351
1452299,15,53,2322,325.01,380.3,0,1,202
1054476,16,53,2322,323.07,380.3,0,1,204
1234098,17,53,2322,317.19,379.3,1,0,176
1388127,18,53,2322,321.1,380.3,1,1,230
1224425,19,53,2322,412.31,412.31,0,0,149
1405759,20,53,2322,378.3,379.3,0,0,53
1134236,21,53,2322,388,389,0,0,163
1447514,22,53,2322,400.61,402.61,0,0,134
1388484,23,53,2322,402.58,403.58,0,0,123
1123846,24,53,2322,375.45,374.45,0,0,109
1131272,25,53,2322,389,388,0,0,123
1489441,26,53,2322,385.15,383.15,0,0,107
1041235,27,53,2322,329.8,385.15,0,0,109
1137569,28,53,2322,389,388,0,0,134
1198239,29,53,2322,388,388,0,0,109
1141686,30,53,2322,380.24,381.24,0,0,68
1045202,31,53,2322,419.04,419.04,0,0,108
1208454,32,53,2322,389,390,0,0,121
1092695,33,53,2322,327.92,388,1,0,136
1072023,34,53,2322,299.73,390,0,0,163
1048820,35,53,2322,475.33,476.33,0,0,177
1451310,36,53,2322,470.48,470.48,0,0,121
1073147,37,53,2322,474.33,474.33,0,0,13
1169373,38,53,2322,474.33,476.33,0,0,15
1462672,39,53,2322,442.32,444.32,0,0,15
1326951,40,53,2322,390.94,444.32,0,0,55
1494010,41,53,2322,381.27,443.32,0,0,67
1126807,42,53,2322,469.51,470.51,0,0,107
1232728,43,53,2322,476.33,475.33,0,0,69
1278655,44,53,2322,432.65,432.65,0,0,150
1376588,45,53,2322,476.33,474.33,0,0,41
1453114,46,53,2322,325.01,475.33,0,0,80
1318356,47,53,2322,476.33,474.33,0,0,40
1323688,48,53,2322,467.54,469.54,0,0,95
1035222,49,53,2322,289.06,469.54,1,1,568
1083319,50,53,2322,287.15,468.54,0,1,566
1089152,51,53,2322,295.91,468.54,1,0,391
1233773,52,53,2322,289.09,468.54,1,0,514
1127090,53,53,2322,288.12,469.54,0,0,514
1077756,54,53,2322,288.09,469.54,0,0,418
1184762,55,53,2322,476.33,475.33,0,0,40
1225467,56,53,2322,475.33,474.33,0,0,53
1095716,57,53,2322,458.81,458.81,0,0,230
1443440,58,53,2322,465.63,465.63,0,0,41
1497341,59,53,2322,459.78,459.78,0,0,136
1012756,60,53,2322,455.93,456.93,0,0,135
1466865,61,53,2322,457.84,459.84,0,0,175
1451481,63,53,2322,479.24,479.24,0,0,26
1029997,64,53,2322,420.07,479.24,0,0,40
1008729,65,53,2322,356.99,478.24,0,1,337
1105181,66,53,2322,367.63,477.24,0,1,82
1404902,67,53,2322,367.63,478.24,0,0,364
1087914,68,53,2322,456.87,456.87,0,0,80
1037773,69,53,2322,406.43,456.87,0,0,150
1363534,70,53,2322,417.1,419.1,0,0,135
1015875,71,53,2322,456.93,456.93,0,0,135
1217396,72,53,2322,434.62,433.62,0,0,149
1366359,73,53,2322,465.63,464.63,0,0,41
1126673,74,53,2322,459.78,459.78,0,0,122
1205577,75,53,2322,465.63,466.63,0,0,41
1368640,76,53,2322,465.63,464.63,0,0,27
1460648,77,53,2322,465.63,465.63,0,0,41
1018470,78,53,2322,464.63,466.63,0,0,82
1477967,79,53,2322,464.63,466.63,0,0,53
1245929,80,53,2322,382.21,465.63,0,0,81
1085259,81,53,2322,378.36,466.63,0,0,136
1077000,82,53,2322,373.51,465.63,0,0,94
1280712,83,53,2322,388,465.63,0,0,96
1481890,84,53,2322,388,464.63,0,0,96
1016902,85,53,2322,353.14,466.63,0,0,135
1123417,86,53,2322,364.72,364.72,0,0,136
1415483,87,53,2322,359.9,360.9,0,0,109
1083027,88,53,2322,373.48,372.48,0,0,67
1169720,89,53,2322,366.66,366.66,0,0,121
1114100,90,53,2322,358.9,358.9,0,0,54
1311328,91,53,2322,325.98,323.98,0,0,189
1423411,92,53,2322,311.4,312.4,0,0,217
1160956,93,53,2322,320.16,319.16,0,0,150
1305637,94,53,2322,318.16,318.16,0,0,136
1099396,95,53,2322,347.26,348.26,0,0,107
1043781,96,53,2322,324.98,325.98,0,0,135
1149004,97,53,2322,322.1,321.1,0,0,296
1079422,98,53,2322,317.25,317.25,0,0,204
1221201,99,53,2322,323.98,324.98,0,0,190
1219475,100,53,2322,313.37,311.37,0,0,242
1117751,101,53,2322,317.19,313.37,1,0,162
1201775,102,53,2322,315.28,315.28,0,0,215
1227047,103,53,2322,333.71,334.71,0,0,284
1357134,104,53,2322,318.19,318.19,0,0,189
1120089,105,53,2322,318.16,318.19,0,1,377
1407131,106,53,2322,477.24,479.24,0,0,42
1446754,107,53,2322,496.64,496.64,0,0,28
1170706,108,53,2322,466.63,465.63,0,0,13
1448856,110,53,2322,333.71,465.63,0,1,215
1182893,111,53,2322,316.25,466.63,1,1,324
1258730,112,53,2322,323.98,464.63,0,1,298
1107404,113,53,2322,349.2,465.63,0,0,215
1329632,114,53,2322,351.14,465.63,0,0,122
1098106,115,53,2322,347.26,465.63,0,0,121
1334353,116,53,2322,358.93,465.63,0,0,42
1345902,117,53,2322,372.51,464.63,0,0,69
1214229,118,53,2322,364.72,364.72,0,0,121
1237644,119,53,2322,389,388,0,0,176
1079136,120,53,2322,384.12,384.12,0,0,134
1239727,121,53,2322,318.19,386.12,1,1,244
1200471,122,53,2322,513.13,385.12,0,1,28
1323470,123,53,2322,489.91,384.12,0,1,27
1084346,124,53,2322,384.15,383.15,0,0,109
1243511,125,53,2322,389,388,0,0,67
1255318,126,53,2322,385.09,385.09,0,0,162
1207088,127,53,2322,390,389,0,0,189
1412677,128,53,2322,381.27,379.27,0,0,175
1297560,129,53,2322,338.59,381.27,1,0,243
1471618,130,53,2322,335.65,380.27,0,0,243
1285585,131,53,2322,340.53,379.27,0,1,175
1337661,132,53,2322,340.53,379.27,0,1,256
1294084,133,53,2322,379.3,378.3,0,0,109
1243706,134,53,2322,382.18,384.18,0,0,95
1300118,135,53,2322,390,390,0,0,41
1327290,136,53,2322,390,388,0,0,204
1377036,137,53,2322,378.33,379.33,0,0,122
1067706,138,53,2322,377.36,378.36,0,0,42
1352322,139,53,2322,382.18,384.18,0,0,53
1143200,140,53,2322,380.27,380.27,0,0,217
1404110,141,53,2322,390,390,0,0,14
1190338,142,53,2322,390,390,0,0,81
1480879,143,53,2322,379.3,378.3,0,0,107
1396062,144,53,2322,389,388,0,0,54
1270045,145,53,2322,370.6,370.6,0,0,28
1163544,1,53,2290,296.85,296.85,0,0,296
1184406,2,53,2290,309.43,310.43,0,0,364
1343863,3,53,2290,310.43,310.43,0,0,271
1450873,4,53,2290,309.43,309.43,0,0,296
1051439,5,53,2290,162.99,309.43,1,1,4065
1156618,6,53,2290,157.2,309.43,0,1,2674
1033719,7,53,2290,160.08,310.43,1,1,3578
1353520,8,53,2290,163.02,309.43,0,1,539
1357313,9,53,2290,284.24,284.24,0,0,324
1256124,10,53,2290,309.43,309.43,0,0,514
1298509,11,53,2290,310.43,311.43,0,0,243
1077224,12,53,2290,290.06,289.06,0,0,258
1397159,13,53,2290,300.76,300.76,0,0,406
1271088,14,53,2290,292.94,294.94,0,0,256
1485756,15,53,2290,282.27,282.27,0,0,312
1182081,16,53,2290,311.43,309.43,0,0,338
1278586,17,53,2290,187.24,310.43,1,1,1742
1133027,18,53,2290,311.43,311.43,0,0,391
1269446,19,53,2290,275.48,310.43,0,0,486
1461513,20,53,2290,203.73,309.43,0,0,351
1474768,21,53,2290,285.18,286.18,0,0,527
1363134,22,53,2290,284.21,284.21,0,0,338
1333419,23,53,2290,309.43,310.43,0,0,323
1108678,24,53,2290,310.43,310.43,0,0,323
1272053,25,53,2290,311.43,310.43,0,0,433
1156197,26,53,2290,296.82,298.82,0,0,339
1031902,27,53,2290,309.43,309.43,0,0,231
1216884,28,53,2290,310.43,311.43,0,0,108
1273248,29,53,2290,311.43,311.43,0,0,177
1467450,30,53,2290,309.43,311.43,0,0,242
1380688,31,53,2290,320.13,321.13,0,0,270
1433261,32,53,2290,266.75,320.13,0,0,405
1361340,33,53,2290,293,291,0,0,460
1381334,34,53,2290,249.32,291,0,0,243
1387336,35,53,2290,311.43,309.43,0,0,433
1155569,36,53,2290,297.82,296.82,0,0,391
1075009,37,53,2290,314.34,313.34,0,0,621
1355479,38,53,2290,169.78,313.34,1,0,2215
1162562,39,53,2290,282.3,313.34,0,0,297
1048765,40,53,2290,287.15,286.15,0,0,351
1172335,41,53,2290,288.15,288.15,0,0,230
1261630,42,53,2290,286.15,288.15,0,0,393
1409981,43,53,2290,288.15,286.15,0,0,364
1171864,44,53,2290,288.15,287.15,0,0,566
1122028,45,53,2290,241.56,287.15,1,1,1729
1008965,46,53,2290,280.36,281.36,0,0,539
1489038,47,53,2290,275.54,275.54,0,0,297
1120309,48,53,2290,288.15,286.15,0,0,391
1210254,49,53,2290,276.45,278.45,0,0,419
1091247,50,53,2290,251.29,277.45,0,0,311
1195807,51,53,2290,286.15,287.15,0,0,391
1229968,52,53,2290,288.15,286.15,0,0,446
1278160,53,53,2290,265.81,264.81,0,0,540
1263451,54,53,2290,255.17,255.17,0,0,352
1396529,55,53,2290,287.15,286.15,0,0,447
1358699,56,53,2290,286.15,286.15,0,0,459
1275760,57,53,2290,273.6,271.6,0,0,526
1047963,58,53,2290,238.62,273.6,0,0,649
1235554,59,53,2290,263.87,262.87,0,0,501
1122005,60,53,2290,268.69,269.69,0,0,446
1391879,61,53,2290,255.17,255.17,0,0,350
1290370,62,53,2290,286.15,287.15,0,0,68
1122971,63,53,2290,264.87,262.87,0,0,337
1438332,64,53,2290,278.42,278.42,0,0,446
1469821,65,53,2290,272.6,272.6,0,0,541
1392397,66,53,2290,277.48,275.48,0,0,378
1144235,67,53,2290,277.42,279.42,0,0,432
1016196,68,53,2290,286.15,286.15,0,0,445
1113961,69,53,2290,287.15,288.15,0,0,620
1327237,70,53,2290,271.63,270.63,0,0,730
1263832,71,53,2290,262.87,262.87,0,0,607
1343489,72,53,2290,257.05,258.05,0,0,528
1365790,73,53,2290,268.69,270.69,0,0,202
1268470,74,53,2290,288.09,289.09,0,0,216
1346164,75,53,2290,299.76,298.76,0,0,458
1059253,76,53,2290,281.33,281.33,0,0,311
1051490,77,53,2290,307.49,309.49,0,0,419
1077877,78,53,2290,307.49,308.49,0,0,297
1183794,79,53,2290,299.79,297.79,0,0,433
1217108,80,53,2290,298.82,296.82,0,0,405
1328216,81,53,2290,309.49,308.49,0,0,460
1025567,82,53,2290,308.49,309.49,0,0,365
1114223,83,53,2290,286.15,287.15,0,0,487
1256192,84,53,2290,245.41,286.15,0,0,285
1246395,85,53,2290,212.49,286.15,0,0,567
1367088,86,53,2290,191.15,288.15,0,0,648
1073422,87,53,2290,302.64,302.64,0,0,202
1021971,88,53,2290,288.12,287.12,0,0,270
1381357,89,53,2290,304.64,304.64,0,0,310
1341356,90,53,2290,189.15,304.64,1,1,1728
1310285,91,53,2290,304.64,303.64,0,0,433
1400488,92,53,2290,302.64,304.64,0,1,499
1484764,93,53,2290,302.64,304.64,0,1,796
1408578,94,53,2290,243.53,303.64,0,1,933
1070686,95,53,2290,244.5,304.64,0,0,528
1180480,96,53,2290,300.76,299.76,0,0,460
1036005,97,53,2290,252.2,300.76,0,0,134
1395579,98,53,2290,283.3,283.3,0,0,582
1371137,99,53,2290,266.81,264.81,0,0,324
1451218,100,53,2290,222.16,265.81,1,1,2483
1127888,101,53,2290,222.16,264.81,1,1,1849
1154703,102,53,2290,183.33,265.81,1,1,1310
1177709,103,53,2290,183.36,265.81,1,1,1511
1433807,104,53,2290,304.64,304.64,0,0,539
1354276,105,53,2290,295.85,297.85,0,0,635
1343993,106,53,2290,296.82,296.82,0,0,661
1138130,107,53,2290,304.64,302.64,0,0,501
1459319,108,53,2290,302.7,302.7,0,0,526
1207832,109,53,2290,258.99,302.7,0,0,648
1363841,110,53,2290,273.6,271.6,0,0,391
1379509,111,53,2290,288.12,288.12,0,0,514
1130673,112,53,2290,291.03,292.03,0,0,485
1206841,113,53,2290,312.34,313.34,0,0,311
1026530,114,53,2290,296.85,295.85,0,0,258
1217213,115,53,2290,312.34,313.34,0,0,202
1233649,116,53,2290,313.34,313.34,0,0,176
1402653,117,53,2290,312.34,312.34,0,0,270
1044123,118,53,2290,314.34,313.34,0,0,418
1188608,119,53,2290,270.63,313.34,1,0,1106
1032454,120,53,2290,274.51,314.34,1,0,649
1404049,121,53,2290,312.34,314.34,0,0,323
1365250,122,53,2290,280.36,313.34,0,0,526
1135458,123,53,2290,270.69,313.34,0,0,474
1175007,124,53,2290,269.69,314.34,0,0,553
1046748,125,53,2290,285.18,287.18,0,0,324
1247944,126,53,2290,276.45,278.45,0,0,377
1432413,127,53,2290,298.79,297.79,0,0,325
1014481,128,53,2290,299.79,297.79,0,0,339
1304498,129,53,2290,297.79,298.79,0,0,366
1421370,130,53,2290,246.38,298.79,0,0,311
1032829,131,53,2290,298.79,299.79,0,0,419
1400150,132,53,2290,291.06,290.06,0,0,460
1246737,133,53,2290,299.79,297.79,0,0,431
1418083,134,53,2290,290.03,299.79,1,1,1270
1136187,135,53,2290,240.59,298.79,0,0,419
1335701,136,53,2290,268.72,298.79,0,0,419
1387211,137,53,2290,255.11,299.79,0,0,283
1132042,138,53,2290,280.39,279.39,0,0,419
1257370,139,53,2290,284.27,283.27,0,0,513
1323198,140,53,2290,287.12,287.12,0,0,377
1036328,141,53,2290,289.12,288.12,0,0,364
1164435,142,53,2290,297.79,299.79,0,0,378
1000291,143,53,2290,298.79,299.79,0,0,499
1396298,144,53,2290,288.12,287.12,0,0,379
1105817,145,53,2290,297.79,297.79,0,0,215
