files/53.csv
id,week,center_id,meal_id,checkout_price,base_price,emailer_for_promotion,homepage_featured,num_orders
1383841,1,53,1445,628.62,626.62,0,0,28
1256492,2,53,1445,627.62,626.62,0,0,26
1192036,3,53,1445,628.62,626.62,0,0,42
1104510,4,53,1445,616.98,614.98,0,0,95
1301597,5,53,1445,484.03,615.98,1,1,242
1369970,6,53,1445,506.37,616.98,0,1,230
1025801,7,53,1445,670.33,668.33,0,0,55
1275213,9,53,1445,430.68,668.33,1,1,351
1331691,10,53,1445,435.53,669.33,1,1,256
1146986,11,53,1445,451.05,669.33,0,1,203
1071804,12,53,1445,619.86,669.33,0,1,42
1185605,13,53,1445,619.86,618.86,0,0,53
1179122,14,53,1445,619.86,620.86,0,0,13
1175833,15,53,1445,619.86,618.86,0,0,26
1499730,16,53,1445,668.33,668.33,0,0,14
1029852,17,53,1445,618.86,620.86,0,0,67
1060558,18,53,1445,619.86,618.86,0,0,41
1384548,20,53,1445,619.86,618.86,0,0,13
1197981,21,53,1445,619.86,619.86,0,0,14
1334919,22,53,1445,619.86,619.86,0,0,41
1436983,23,53,1445,619.86,619.86,0,0,14
1319019,24,53,1445,618.86,619.86,0,0,41
1392470,25,53,1445,532.53,620.86,0,0,55
1272238,26,53,1445,532.53,618.86,0,0,54
1376206,27,53,1445,534.53,618.86,0,0,80
1315605,28,53,1445,533.53,619.86,0,0,28
1122188,29,53,1445,619.86,619.86,0,0,41
1058300,30,53,1445,620.86,620.86,0,0,14
1407090,31,53,1445,618.86,620.86,0,0,27
1292905,32,53,1445,620.86,618.86,0,0,15
1116109,33,53,1445,475.33,620.86,1,1,67
1346890,34,53,1445,486.03,618.86,0,1,215
1142922,35,53,1445,668.33,668.33,0,0,55
1181869,36,53,1445,669.33,668.33,0,0,14
1136016,38,53,1445,669.33,668.33,0,0,26
1460514,39,53,1445,619.86,619.86,0,0,67
1318891,40,53,1445,486.03,620.86,1,1,270
1016604,41,53,1445,486.03,619.86,1,1,244
1119077,42,53,1445,618.86,618.86,0,0,14
1427411,43,53,1445,620.86,618.86,0,0,15
1110689,44,53,1445,619.86,619.86,0,0,68
1243460,45,53,1445,619.86,619.86,0,0,68
1089747,46,53,1445,618.86,619.86,0,0,69
1153342,47,53,1445,620.86,620.86,0,0,26
1433783,48,53,1445,619.86,618.86,0,0,68
1236115,49,53,1445,619.86,619.86,0,0,67
1138895,50,53,1445,620.86,619.86,0,0,107
1173043,51,53,1445,619.86,619.86,0,1,27
1376633,52,53,1445,387.03,619.86,1,1,324
1423792,53,53,1445,387.03,619.86,1,0,242
1294511,54,53,1445,619.86,620.86,0,0,28
1360842,55,53,1445,618.86,620.86,0,0,67
1360034,56,53,1445,620.86,618.86,0,0,28
1171567,57,53,1445,622.77,623.77,0,0,123
1335920,58,53,1445,608.19,610.19,0,0,42
1162706,59,53,1445,608.19,608.19,0,0,67
1139328,60,53,1445,484.03,609.19,1,1,108
1403070,61,53,1445,610.19,610.19,0,0,14
1049060,64,53,1445,610.19,609.19,0,0,13
1077802,65,53,1445,486.03,608.19,1,1,161
1029458,66,53,1445,610.19,609.19,0,1,95
1399157,67,53,1445,609.19,609.19,0,0,81
1079665,68,53,1445,609.19,609.19,0,0,67
1035804,69,53,1445,484.03,609.19,1,1,217
1069107,70,53,1445,486.03,610.19,0,1,14
1424982,71,53,1445,612.13,610.13,0,0,69
1136887,72,53,1445,612.13,612.13,0,0,68
1228250,73,53,1445,610.13,610.13,0,0,14
1199747,74,53,1445,610.13,610.13,0,0,55
1140876,76,53,1445,612.13,610.13,0,0,28
1293969,77,53,1445,562.63,563.63,0,0,13
1189441,78,53,1445,561.63,562.63,0,0,27
1134402,79,53,1445,561.63,563.63,0,0,55
1029021,80,53,1445,563.63,562.63,0,0,27
1175816,81,53,1445,669.33,670.33,0,0,27
1143188,83,53,1445,669.33,668.33,0,0,28
1004541,84,53,1445,669.33,669.33,0,0,54
1022188,86,53,1445,668.33,668.33,0,0,28
1085099,87,53,1445,669.33,669.33,0,0,54
1043448,88,53,1445,669.33,668.33,0,0,28
1207100,89,53,1445,668.33,670.33,0,0,14
1208195,90,53,1445,435.53,668.33,1,1,121
1379295,91,53,1445,436.53,670.33,1,1,94
1104937,92,53,1445,669.33,668.33,0,0,55
1078684,93,53,1445,669.33,668.33,0,0,28
1140191,94,53,1445,445.29,668.33,1,1,365
1013399,95,53,1445,434.56,668.33,1,1,135
1024645,96,53,1445,670.33,669.33,0,0,13
1155522,97,53,1445,669.33,669.33,0,0,28
1197079,98,53,1445,669.33,669.33,0,0,28
1478986,99,53,1445,670.33,670.33,0,0,55
1342865,100,53,1445,436.53,668.33,0,0,283
1449263,101,53,1445,446.23,669.33,1,1,311
1180071,102,53,1445,668.33,669.33,0,1,41
1310373,104,53,1445,668.33,669.33,0,0,13
1048825,106,53,1445,455.93,669.33,0,0,150
1158510,108,53,1445,669.33,669.33,0,0,41
1047513,109,53,1445,669.33,669.33,0,0,55
1432523,110,53,1445,668.33,670.33,0,0,40
1260945,111,53,1445,670.33,670.33,0,0,41
1129859,112,53,1445,668.33,670.33,0,0,42
1401553,113,53,1445,669.33,670.33,0,0,28
1159534,114,53,1445,689.73,688.73,0,0,14
1004927,115,53,1445,688.73,688.73,0,0,55
1249309,116,53,1445,687.73,687.73,0,0,15
1396255,117,53,1445,687.73,689.73,0,0,41
1340784,118,53,1445,687.73,687.73,0,0,15
1193545,119,53,1445,689.73,687.73,0,0,27
1010141,120,53,1445,689.73,687.73,0,0,42
1326036,121,53,1445,687.73,689.73,0,0,26
1294581,122,53,1445,468.57,689.73,1,1,338
1154393,123,53,1445,452.99,689.73,1,1,188
1217344,124,53,1445,689.73,689.73,0,0,41
1477471,125,53,1445,687.73,689.73,0,0,26
1499182,126,53,1445,689.73,689.73,0,0,26
1173534,127,53,1445,689.73,689.73,0,0,68
1144889,128,53,1445,689.73,689.73,0,0,13
1481146,129,53,1445,718.83,716.83,0,0,13
1058070,132,53,1445,727.53,726.53,0,0,26
1198382,133,53,1445,484.03,728.53,1,1,298
1266734,134,53,1445,565.54,728.53,1,0,40
1076183,135,53,1445,668.39,666.39,0,0,54
1472278,139,53,1445,728.53,727.53,0,0,13
1026688,141,53,1445,727.53,728.53,0,0,14
1356757,142,53,1445,728.53,727.53,0,0,15
1203289,143,53,1445,484.03,727.53,0,1,80
1070841,144,53,1445,484.03,728.53,1,1,109
1246148,145,53,1445,728.53,727.53,0,0,26
1263046,1,53,2444,627.62,627.62,0,0,40
1364588,2,53,2444,626.62,627.62,0,0,55
1041205,3,53,2444,626.62,627.62,0,0,28
1262671,4,53,2444,614.01,616.01,0,0,69
1330877,5,53,2444,486.03,616.01,1,1,123
1079288,6,53,2444,486.03,614.01,0,1,163
1485543,7,53,2444,669.33,668.33,0,0,13
1256115,9,53,2444,435.53,668.33,1,1,284
1074680,10,53,2444,445.26,669.33,1,1,378
1259045,11,53,2444,436.53,670.33,0,0,136
1103971,12,53,2444,618.86,618.86,0,0,28
1038911,13,53,2444,619.86,619.86,0,0,26
1144685,14,53,2444,618.86,618.86,0,0,27
1449079,15,53,2444,619.86,618.86,0,0,54
1139331,16,53,2444,620.86,619.86,0,0,42
1142730,17,53,2444,618.86,619.86,0,0,42
1305909,18,53,2444,620.86,619.86,0,0,42
1149501,19,53,2444,618.86,618.86,0,0,53
1330903,20,53,2444,618.86,618.86,0,0,28
1208137,21,53,2444,620.86,619.86,0,0,27
1484948,22,53,2444,618.86,620.86,0,0,28
1488430,24,53,2444,620.86,620.86,0,0,53
1450908,25,53,2444,534.53,618.86,0,0,109
1185316,26,53,2444,534.53,619.86,0,0,55
1132000,27,53,2444,533.53,619.86,0,0,41
1104907,28,53,2444,533.53,619.86,0,0,68
1100041,29,53,2444,619.86,620.86,0,0,69
1343245,30,53,2444,618.86,618.86,0,0,82
1096193,31,53,2444,619.86,618.86,0,0,27
1308397,32,53,2444,620.86,618.86,0,0,13
1426874,33,53,2444,486.03,619.86,1,0,82
1427007,34,53,2444,484.03,619.86,0,1,244
1008560,37,53,2444,669.33,669.33,0,0,41
1376672,39,53,2444,618.86,620.86,0,0,15
1141668,40,53,2444,485.03,618.86,1,0,190
1469590,41,53,2444,486.03,618.86,1,1,189
1038611,42,53,2444,620.86,620.86,0,0,41
1356939,43,53,2444,618.86,619.86,0,0,13
1127763,44,53,2444,619.86,618.86,0,0,82
1184459,45,53,2444,620.86,618.86,0,0,54
1074656,46,53,2444,618.86,618.86,0,0,67
1308139,48,53,2444,620.86,619.86,0,0,40
1164154,49,53,2444,618.86,618.86,0,0,53
1170677,50,53,2444,618.86,620.86,0,0,122
1406103,51,53,2444,619.86,618.86,0,1,26
1302165,52,53,2444,389.03,620.86,1,1,539
1314844,53,53,2444,388.03,619.86,1,0,433
1377120,54,53,2444,541.26,620.86,0,0,41
1012809,55,53,2444,618.86,619.86,0,0,67
1095266,56,53,2444,618.86,620.86,0,0,42
1075508,57,53,2444,610.19,610.19,0,0,123
1143807,58,53,2444,609.19,610.19,0,0,67
1348760,59,53,2444,609.19,609.19,0,0,55
1238448,60,53,2444,486.03,609.19,1,1,323
1115574,61,53,2444,623.71,625.71,0,0,53
1066583,62,53,2444,610.19,610.19,0,0,15
1025871,63,53,2444,608.19,609.19,0,0,42
1015862,64,53,2444,609.19,609.19,0,0,40
1033648,65,53,2444,485.03,610.19,1,1,230
1327514,66,53,2444,609.19,610.19,0,0,41
1438236,67,53,2444,610.19,610.19,0,0,109
1053897,68,53,2444,608.19,610.19,0,0,94
1054342,69,53,2444,484.03,610.19,1,1,230
1320863,70,53,2444,484.03,608.19,0,1,298
1291321,71,53,2444,611.13,612.13,0,0,42
1362300,72,53,2444,612.13,611.13,0,0,40
1232102,73,53,2444,610.13,612.13,0,0,69
1380648,74,53,2444,610.13,611.13,0,0,94
1146245,75,53,2444,611.13,612.13,0,0,54
1110824,76,53,2444,612.13,612.13,0,0,26
1402763,77,53,2444,563.63,562.63,0,0,53
1025344,78,53,2444,562.63,562.63,0,0,69
1497412,79,53,2444,561.63,562.63,0,0,82
1200258,80,53,2444,563.63,561.63,0,0,96
1436894,81,53,2444,668.33,668.33,0,0,81
1471853,83,53,2444,670.33,670.33,0,0,40
1235351,84,53,2444,670.33,670.33,0,0,41
1122730,85,53,2444,669.33,670.33,0,0,26
1408499,86,53,2444,668.33,669.33,0,0,68
1252941,87,53,2444,670.33,670.33,0,0,54
1390381,88,53,2444,670.33,668.33,0,0,26
1142627,89,53,2444,670.33,669.33,0,0,28
1422014,90,53,2444,436.53,669.33,1,1,163
1374655,91,53,2444,437.53,669.33,1,1,176
1394109,92,53,2444,669.33,670.33,0,0,27
1469603,93,53,2444,669.33,668.33,0,0,14
1405586,94,53,2444,466.63,669.33,1,1,312
1497583,95,53,2444,435.56,669.33,1,1,217
1029906,96,53,2444,669.33,670.33,0,0,28
1264612,97,53,2444,670.33,670.33,0,0,15
1303782,98,53,2444,668.33,670.33,0,0,55
1209939,100,53,2444,436.53,670.33,0,1,473
1400846,101,53,2444,443.29,670.33,1,1,420
1293741,102,53,2444,670.33,669.33,0,1,41
1404595,103,53,2444,670.33,670.33,0,0,68
1338436,104,53,2444,670.33,670.33,0,0,69
1315283,105,53,2444,669.33,670.33,0,0,40
1311002,106,53,2444,454.93,668.33,0,1,150
1139051,107,53,2444,456.93,670.33,1,1,42
1076643,108,53,2444,670.33,670.33,0,0,53
1411776,109,53,2444,670.33,668.33,0,0,55
1076660,110,53,2444,670.33,668.33,0,0,42
1187861,111,53,2444,669.33,670.33,0,0,42
1471574,112,53,2444,669.33,669.33,0,0,53
1484859,113,53,2444,669.33,668.33,0,0,82
1029397,114,53,2444,688.73,689.73,0,0,40
1102714,115,53,2444,688.73,687.73,0,0,42
1367284,116,53,2444,689.73,688.73,0,0,68
1028394,117,53,2444,689.73,689.73,0,0,13
1422671,118,53,2444,688.73,688.73,0,0,27
1117423,119,53,2444,687.73,687.73,0,0,13
1128467,120,53,2444,688.73,687.73,0,0,82
1131889,121,53,2444,689.73,688.73,0,0,42
1404378,122,53,2444,454.02,689.73,1,1,446
1244699,123,53,2444,473.36,687.73,1,1,243
1012554,124,53,2444,616.95,688.73,0,0,96
1446263,125,53,2444,688.73,689.73,0,0,67
1018690,126,53,2444,687.73,687.73,0,0,15
1191150,127,53,2444,688.73,688.73,0,0,28
1333069,129,53,2444,716.83,716.83,0,0,28
1141198,130,53,2444,727.53,728.53,0,0,42
1371079,132,53,2444,726.53,728.53,0,0,42
1154616,133,53,2444,485.03,727.53,1,1,148
1473694,134,53,2444,486.03,726.53,1,1,244
1009680,135,53,2444,727.53,726.53,0,0,27
1242577,136,53,2444,727.53,728.53,0,0,28
1225226,137,53,2444,726.53,726.53,0,0,42
1342562,138,53,2444,727.53,726.53,0,0,15
1104626,139,53,2444,728.53,727.53,0,0,28
1235130,140,53,2444,728.53,727.53,0,0,14
1355050,141,53,2444,728.53,728.53,0,0,13
1062277,142,53,2444,726.53,728.53,0,0,26
1164838,143,53,2444,485.03,726.53,0,1,94
1341502,144,53,2444,485.03,728.53,1,1,96
1315710,145,53,2444,728.53,727.53,0,0,13
1035400,1,53,2867,626.62,627.62,0,0,28
1492287,2,53,2867,628.62,628.62,0,0,14
1203587,4,53,2867,626.62,627.62,0,0,15
1267339,5,53,2867,484.03,627.62,1,0,123
1077050,6,53,2867,486.03,628.62,0,0,54
1498317,7,53,2867,670.33,668.33,0,0,15
1380722,9,53,2867,431.71,670.33,1,0,95
1202997,10,53,2867,451.11,670.33,1,0,230
1390556,11,53,2867,437.53,668.33,0,0,68
1162769,12,53,2867,632.47,633.47,0,0,54
1275529,14,53,2867,619.86,619.86,0,0,15
1183371,15,53,2867,618.86,619.86,0,0,14
1318436,18,53,2867,620.86,618.86,0,0,13
1348658,22,53,2867,619.86,619.86,0,0,14
1037195,24,53,2867,619.86,620.86,0,0,14
1295292,25,53,2867,533.53,620.86,0,0,41
1243702,27,53,2867,532.53,618.86,0,0,13
1115042,28,53,2867,532.53,618.86,0,0,28
1374287,29,53,2867,619.86,619.86,0,0,13
1015451,30,53,2867,620.86,618.86,0,0,15
1239344,31,53,2867,619.86,620.86,0,0,15
1359807,33,53,2867,485.03,618.86,1,0,27
1197740,34,53,2867,484.03,619.86,0,1,109
1233911,39,53,2867,620.86,620.86,0,0,42
1394755,40,53,2867,499.58,619.86,1,0,122
1291577,41,53,2867,486.03,620.86,1,0,134
1290530,42,53,2867,618.86,620.86,0,0,26
1302568,43,53,2867,618.86,619.86,0,0,28
1060972,45,53,2867,620.86,620.86,0,0,14
1133449,46,53,2867,618.86,618.86,0,0,14
1181396,48,53,2867,620.86,620.86,0,0,28
1379417,49,53,2867,618.86,618.86,0,0,15
1489049,50,53,2867,619.86,620.86,0,0,41
1369435,51,53,2867,618.86,620.86,0,0,40
1437311,52,53,2867,389.03,619.86,1,1,311
1041603,53,53,2867,388.03,619.86,1,1,338
1257797,55,53,2867,620.86,620.86,0,0,28
1152315,56,53,2867,620.86,619.86,0,0,15
1405366,57,53,2867,609.19,609.19,0,0,27
1160496,58,53,2867,608.19,608.19,0,0,68
1079791,59,53,2867,610.19,610.19,0,0,40
1040544,60,53,2867,485.03,610.19,1,1,269
1421759,61,53,2867,608.19,610.19,0,0,27
1015070,62,53,2867,609.19,608.19,0,0,15
1166132,63,53,2867,609.19,609.19,0,0,69
1109836,64,53,2867,608.19,609.19,0,0,26
1129913,65,53,2867,485.03,610.19,1,1,109
1496784,67,53,2867,610.19,609.19,0,0,13
1013272,68,53,2867,608.19,610.19,0,0,41
1282536,69,53,2867,485.03,609.19,1,1,123
1251400,70,53,2867,485.03,608.19,0,1,135
1379935,71,53,2867,612.13,611.13,0,0,26
1023417,72,53,2867,612.13,612.13,0,0,27
1337447,73,53,2867,611.13,612.13,0,0,42
1060144,74,53,2867,611.13,612.13,0,0,41
1038808,75,53,2867,611.13,610.13,0,0,27
1330278,77,53,2867,616.98,614.98,0,0,27
1475227,78,53,2867,561.63,561.63,0,0,40
1050571,79,53,2867,562.63,563.63,0,0,27
1018861,80,53,2867,561.63,561.63,0,0,53
1365783,84,53,2867,668.33,670.33,0,0,28
1076664,86,53,2867,668.33,668.33,0,0,13
1389123,88,53,2867,670.33,669.33,0,0,13
1232972,89,53,2867,670.33,669.33,0,0,13
1180362,90,53,2867,435.53,668.33,1,1,80
1459734,91,53,2867,437.53,669.33,1,1,67
1261009,92,53,2867,669.33,668.33,0,0,14
1373190,93,53,2867,670.33,668.33,0,0,14
1174868,94,53,2867,436.56,670.33,1,1,122
1168949,95,53,2867,436.56,669.33,1,1,122
1060505,96,53,2867,668.33,669.33,0,0,28
1387619,97,53,2867,669.33,670.33,0,0,26
1346330,98,53,2867,668.33,668.33,0,0,15
1215218,99,53,2867,668.33,668.33,0,0,26
1472574,100,53,2867,436.53,668.33,0,1,283
1110043,101,53,2867,437.53,669.33,1,0,188
1395624,102,53,2867,668.33,669.33,0,1,42
1273108,103,53,2867,668.33,669.33,0,0,14
1229508,105,53,2867,668.33,669.33,0,0,15
1147884,106,53,2867,454.93,670.33,0,1,69
1485079,107,53,2867,456.93,669.33,1,1,54
1129355,109,53,2867,668.33,669.33,0,0,28
1117617,111,53,2867,668.33,668.33,0,0,55
1009994,112,53,2867,668.33,668.33,0,0,13
1199100,113,53,2867,669.33,670.33,0,0,26
1156325,114,53,2867,687.73,688.73,0,0,28
1123322,115,53,2867,687.73,688.73,0,0,27
1010646,119,53,2867,688.73,687.73,0,0,15
1290060,120,53,2867,687.73,688.73,0,0,13
1391685,121,53,2867,689.73,688.73,0,0,42
1379637,122,53,2867,480.15,687.73,1,0,148
1450304,123,53,2867,470.45,689.73,1,0,95
1057622,126,53,2867,687.73,689.73,0,0,13
1275340,127,53,2867,687.73,689.73,0,0,28
1496771,128,53,2867,688.73,689.73,0,0,13
1300467,131,53,2867,726.53,728.53,0,0,13
1489908,132,53,2867,726.53,727.53,0,0,14
1080672,133,53,2867,484.03,728.53,1,1,135
1381903,134,53,2867,484.03,727.53,1,1,107
1258532,135,53,2867,727.53,728.53,0,0,27
1305937,136,53,2867,727.53,727.53,0,0,14
1076857,137,53,2867,728.53,727.53,0,0,15
1394352,138,53,2867,728.53,728.53,0,0,15
1461747,139,53,2867,728.53,728.53,0,0,42
1360294,140,53,2867,726.53,728.53,0,0,40
1095041,142,53,2867,727.53,727.53,0,0,41
1031395,143,53,2867,484.03,728.53,0,1,27
1386187,144,53,2867,485.03,727.53,1,1,27
1290946,145,53,2867,728.53,728.53,0,0,41
