files/53.csv
id,week,center_id,meal_id,checkout_price,base_price,emailer_for_promotion,homepage_featured,num_orders
1266030,2,53,2139,325.01,435.53,0,0,27
1199881,4,53,2139,340.5,435.53,0,0,28
1365558,6,53,2139,435.53,436.53,0,0,14
1334167,8,53,2139,437.53,436.53,0,0,26
1446726,11,53,2139,376.42,435.53,0,0,40
1335978,12,53,2139,378.33,437.53,0,0,53
1481185,13,53,2139,435.53,437.53,0,0,40
1363556,18,53,2139,436.53,435.53,0,0,13
1426242,19,53,2139,435.53,436.53,0,0,13
1360979,20,53,2139,435.53,436.53,0,0,15
1288928,22,53,2139,296.82,436.53,0,0,15
1246715,23,53,2139,298.82,435.53,0,0,13
1067666,24,53,2139,296.82,437.53,0,0,41
1178651,25,53,2139,298.82,436.53,0,0,15
1456402,26,53,2139,298.82,435.53,0,0,27
1259007,27,53,2139,296.82,436.53,0,0,54
1142888,28,53,2139,291,291,0,0,40
1384445,29,53,2139,291,291,0,0,55
1163452,30,53,2139,292,292,0,0,13
1368619,31,53,2139,277.45,276.45,0,0,27
1360221,32,53,2139,277.45,276.45,0,0,27
1188870,33,53,2139,298.82,298.82,0,0,26
1484826,35,53,2139,298.82,296.82,0,0,26
1118083,36,53,2139,298.82,297.82,0,0,53
1403530,37,53,2139,296.82,296.82,0,0,26
1225805,39,53,2139,284.27,283.27,0,0,27
1091386,40,53,2139,297.82,297.82,0,0,55
1038644,41,53,2139,298.82,296.82,0,0,14
1327254,42,53,2139,296.82,298.82,0,0,13
1462845,43,53,2139,297.82,296.82,0,0,68
1112963,44,53,2139,296.82,296.82,0,0,41
1381057,45,53,2139,296.82,297.82,0,0,14
1336994,46,53,2139,289.06,291.06,0,0,55
1390724,47,53,2139,296.82,297.82,0,0,27
1252817,48,53,2139,296.82,296.82,0,0,26
1351904,49,53,2139,296.82,297.82,0,0,14
1201701,50,53,2139,297.82,298.82,0,0,26
1455518,52,53,2139,297.82,297.82,0,0,42
1010780,53,53,2139,296.82,296.82,0,0,13
1267717,55,53,2139,267.75,297.82,0,0,14
1177165,56,53,2139,297.82,296.82,0,0,15
1061791,57,53,2139,298.82,297.82,0,0,15
1099073,58,53,2139,298.82,296.82,0,0,15
1442609,59,53,2139,296.82,298.82,0,0,69
1298154,60,53,2139,298.82,296.82,0,0,27
1111016,61,53,2139,298.82,297.82,0,0,54
1453131,62,53,2139,291.03,290.03,0,0,13
1391428,64,53,2139,284.21,284.21,0,0,69
1411344,65,53,2139,283.3,283.3,0,0,96
1474605,66,53,2139,292.03,292.03,0,0,13
1183029,67,53,2139,290.03,292.03,0,0,27
1168592,69,53,2139,291.03,290.03,0,0,15
1340701,70,53,2139,290.03,291.03,0,0,14
1036789,71,53,2139,291.03,291.03,0,0,41
1269777,72,53,2139,290.03,292.03,0,0,15
1103035,73,53,2139,292.03,291.03,0,0,26
1061188,74,53,2139,292.03,292.03,0,0,40
1056523,75,53,2139,290.03,292.03,0,0,14
1388425,76,53,2139,275.48,275.48,0,0,14
1131930,77,53,2139,307.49,309.49,0,0,54
1111276,78,53,2139,295.88,295.88,0,0,67
1200966,79,53,2139,308.49,308.49,0,0,15
1163126,80,53,2139,307.49,309.49,0,0,14
1121479,81,53,2139,307.49,308.49,0,0,13
1118471,83,53,2139,297.82,296.82,0,0,41
1123385,84,53,2139,308.49,308.49,0,0,15
1270708,85,53,2139,307.49,307.49,0,0,42
1019732,86,53,2139,307.49,307.49,0,0,14
1049584,87,53,2139,309.49,307.49,0,0,42
1246399,88,53,2139,309.49,307.49,0,0,13
1089899,89,53,2139,298.82,297.82,0,0,41
1472405,90,53,2139,309.49,307.49,0,0,67
1081984,91,53,2139,307.49,307.49,0,0,55
1488848,92,53,2139,308.49,308.49,0,0,26
1353823,93,53,2139,308.49,309.49,0,0,28
1061985,94,53,2139,307.49,307.49,0,0,15
1362326,95,53,2139,309.49,309.49,0,0,41
1007283,96,53,2139,301.73,300.73,0,0,53
1160292,97,53,2139,308.49,309.49,0,0,13
1242301,98,53,2139,307.49,307.49,0,0,13
1491806,99,53,2139,309.49,307.49,0,0,28
1249131,100,53,2139,307.49,307.49,0,0,41
1244840,101,53,2139,308.49,309.49,0,0,26
1177000,102,53,2139,308.49,308.49,0,0,13
1082135,105,53,2139,292.03,292.03,0,0,67
1091075,106,53,2139,292.03,292.03,0,0,13
1134597,107,53,2139,291.03,290.03,0,0,40
1213030,108,53,2139,292.03,292.03,0,0,53
1313335,109,53,2139,308.49,308.49,0,0,14
1292250,110,53,2139,308.49,307.49,0,0,67
1073993,111,53,2139,309.49,308.49,0,0,13
1448164,113,53,2139,277.45,309.49,0,0,13
1038108,114,53,2139,309.49,309.49,0,0,15
1254961,116,53,2139,307.49,308.49,0,0,15
1006026,117,53,2139,307.49,308.49,0,0,15
1119169,118,53,2139,309.49,307.49,0,0,42
1176772,121,53,2139,291.03,290.03,0,0,53
1268045,122,53,2139,277.48,275.48,0,0,28
1201651,123,53,2139,291.03,292.03,0,0,13
1048553,125,53,2139,290.03,290.03,0,0,28
1341164,130,53,2139,320.13,321.13,0,0,27
1022598,131,53,2139,319.13,320.13,0,0,41
1393342,132,53,2139,321.13,319.13,0,0,14
1206034,133,53,2139,319.13,321.13,0,0,14
1135513,137,53,2139,320.13,319.13,0,0,13
1172043,138,53,2139,319.13,320.13,0,0,27
1154894,140,53,2139,292.03,292.03,0,0,27
1008629,144,53,2139,292.03,290.03,0,0,26
1212101,145,53,2139,290.03,290.03,0,0,28
1376979,2,53,2494,242.5,244.5,0,0,14
1049513,3,53,2494,243.5,242.5,0,0,15
1193405,4,53,2494,243.5,243.5,0,0,13
1210946,6,53,2494,242.5,244.5,0,0,27
1140735,7,53,2494,242.5,243.5,0,0,26
1252655,11,53,2494,270.63,270.63,0,0,13
1154207,14,53,2494,242.5,270.63,0,0,26
1440670,16,53,2494,243.5,272.63,0,0,13
1079594,17,53,2494,242.5,270.63,0,0,13
1276906,19,53,2494,244.5,270.63,0,0,27
1129105,20,53,2494,242.5,271.63,0,0,28
1497809,21,53,2494,243.5,272.63,0,0,26
1055770,23,53,2494,242.5,242.5,0,0,13
1377034,24,53,2494,244.5,242.5,0,0,13
1137315,25,53,2494,244.5,244.5,0,0,15
1123289,26,53,2494,243.5,242.5,0,0,27
1127921,27,53,2494,244.5,242.5,0,0,14
1429580,30,53,2494,196,242.5,0,0,26
1309394,31,53,2494,194,244.5,0,0,14
1329607,32,53,2494,195,243.5,0,0,13
1453978,35,53,2494,258.08,257.08,0,0,14
1069690,36,53,2494,256.08,257.08,0,0,40
1438517,37,53,2494,195,258.08,0,0,42
1440835,38,53,2494,195,258.08,0,0,26
1269635,39,53,2494,196,258.08,0,0,41
1012462,40,53,2494,194,257.08,0,0,42
1489315,41,53,2494,217.28,257.08,0,0,69
1353427,42,53,2494,219.28,256.08,0,0,42
1072052,43,53,2494,219.28,219.28,0,0,41
1338371,44,53,2494,219.28,218.28,0,0,13
1084262,45,53,2494,234.8,232.8,0,0,81
1084916,46,53,2494,233.8,233.8,0,0,13
1271858,47,53,2494,234.8,232.8,0,0,15
1175122,48,53,2494,234.8,233.8,0,0,55
1149494,49,53,2494,241.56,241.56,0,0,13
1257212,50,53,2494,242.56,242.56,0,0,28
1158161,51,53,2494,242.56,240.56,0,0,41
1447949,52,53,2494,241.56,240.56,0,0,28
1438414,53,53,2494,240.56,242.56,0,0,13
1257745,54,53,2494,241.56,241.56,0,0,42
1385157,55,53,2494,241.56,242.56,0,0,14
1246786,56,53,2494,240.56,242.56,0,0,28
1066082,57,53,2494,243.53,243.53,0,0,55
1284087,58,53,2494,241.53,241.53,0,0,13
1180548,59,53,2494,243.53,243.53,0,0,40
1199787,60,53,2494,241.53,243.53,0,0,14
1246465,61,53,2494,242.53,242.53,0,0,42
1092174,62,53,2494,241.53,242.53,0,0,26
1222341,63,53,2494,241.53,242.53,0,0,28
1441010,64,53,2494,241.53,242.53,0,0,67
1405016,65,53,2494,241.53,242.53,0,0,42
1401095,66,53,2494,241.53,242.53,0,0,42
1437674,67,53,2494,243.53,243.53,0,0,54
1231637,68,53,2494,241.53,241.53,0,0,13
1329655,69,53,2494,233.83,231.83,0,0,80
1451799,70,53,2494,231.83,233.83,0,0,69
1463394,71,53,2494,232.83,232.83,0,0,53
1138488,72,53,2494,233.83,231.83,0,0,13
1256352,73,53,2494,233.83,232.83,0,0,42
1334447,75,53,2494,231.83,233.83,0,0,26
1106607,76,53,2494,231.83,231.83,0,0,54
1301437,77,53,2494,233.83,232.83,0,0,69
1296976,78,53,2494,231.83,232.83,0,0,26
1406805,79,53,2494,232.83,232.83,0,0,27
1134515,80,53,2494,233.83,232.83,0,0,55
1292358,81,53,2494,213.43,214.43,0,0,55
1434901,82,53,2494,214.43,212.43,0,0,54
1252690,83,53,2494,223.13,224.13,0,0,80
1116714,84,53,2494,212.43,212.43,0,0,69
1489238,85,53,2494,214.43,213.43,0,0,14
1437076,86,53,2494,214.43,212.43,0,0,55
1242391,87,53,2494,212.43,213.43,0,0,15
1049588,88,53,2494,212.43,213.43,0,0,96
1323794,89,53,2494,212.43,214.43,0,0,69
1090494,90,53,2494,232.83,231.83,0,0,40
1085418,91,53,2494,214.43,212.43,0,0,28
1440263,92,53,2494,212.43,213.43,0,0,82
1356089,93,53,2494,194,196,0,0,53
1315540,94,53,2494,196,194,0,0,55
1446527,95,53,2494,196,196,0,0,41
1329176,96,53,2494,195,195,0,0,95
1476003,97,53,2494,211.52,211.52,0,0,67
1320554,98,53,2494,196,196,0,0,54
1112273,99,53,2494,194,195,0,0,42
1207483,100,53,2494,196,195,0,0,67
1419425,101,53,2494,194,196,0,0,13
1383655,102,53,2494,196,194,0,0,150
1477103,103,53,2494,195,195,0,0,67
1152972,104,53,2494,207.61,207.61,0,0,82
1118960,105,53,2494,227.01,228.01,0,0,40
1210712,106,53,2494,244.5,243.5,0,0,67
1446462,107,53,2494,242.5,244.5,0,0,27
1367450,108,53,2494,243.5,243.5,0,0,69
1367315,109,53,2494,244.5,244.5,0,0,68
1361504,110,53,2494,243.5,242.5,0,0,15
1104232,111,53,2494,243.5,242.5,0,0,27
1023947,113,53,2494,242.5,244.5,0,0,27
1361153,114,53,2494,244.5,243.5,0,0,69
1299612,115,53,2494,242.5,242.5,0,0,27
1078154,116,53,2494,243.5,244.5,0,0,41
1496845,117,53,2494,194,244.5,0,0,53
1452980,118,53,2494,196,242.5,0,0,81
1384338,119,53,2494,194,242.5,0,0,81
1399706,120,53,2494,194,244.5,0,0,42
1069637,121,53,2494,194,242.5,0,0,69
1476220,122,53,2494,196,243.5,0,0,53
1014009,123,53,2494,196,194,0,0,42
1334566,124,53,2494,196,194,0,0,68
1453090,125,53,2494,194,194,0,0,67
1170413,126,53,2494,194,194,0,0,26
1272636,127,53,2494,194,194,0,0,54
1137216,128,53,2494,196,196,0,0,81
1100875,129,53,2494,195,196,0,0,42
1224007,130,53,2494,194,196,0,0,42
1056690,131,53,2494,196,194,0,0,54
1311089,132,53,2494,195,196,0,0,94
1214653,133,53,2494,196,195,0,0,55
1184379,134,53,2494,196,195,0,0,95
1464450,135,53,2494,195,196,0,0,82
1413909,136,53,2494,195,195,0,0,41
1126644,137,53,2494,194,194,0,0,81
1360688,138,53,2494,195,196,0,0,14
1041540,139,53,2494,195,196,0,0,67
1137891,140,53,2494,195,195,0,0,41
1293900,141,53,2494,194,196,0,0,54
1475045,142,53,2494,196,196,0,0,69
1423071,143,53,2494,196,195,0,0,42
1336079,144,53,2494,194,194,0,0,41
1069837,145,53,2494,196,196,0,0,40
1455792,3,53,1847,244.5,243.5,0,0,15
1095378,4,53,1847,243.5,243.5,0,0,15
1147691,6,53,1847,243.5,243.5,0,0,14
1227360,8,53,1847,244.5,243.5,0,0,14
1313413,19,53,1847,242.5,242.5,0,0,15
1143413,26,53,1847,243.5,243.5,0,0,40
1093805,35,53,1847,257.08,256.08,0,0,13
1010974,37,53,1847,194,256.08,0,0,27
1408585,38,53,1847,195,257.08,0,0,27
1468649,39,53,1847,196,256.08,0,0,69
1400544,40,53,1847,194,257.08,0,0,67
1490498,41,53,1847,242.5,242.5,0,0,41
1475195,42,53,1847,219.28,243.5,0,0,15
1048570,43,53,1847,219.28,243.5,0,0,68
1060037,44,53,1847,218.28,244.5,0,0,67
1177443,45,53,1847,232.8,232.8,0,0,40
1309155,46,53,1847,234.8,233.8,0,0,53
1203701,47,53,1847,233.8,234.8,0,0,55
1009505,48,53,1847,242.56,240.56,0,0,68
1440396,49,53,1847,241.56,241.56,0,0,28
1335284,50,53,1847,244.44,245.44,0,0,94
1304239,51,53,1847,241.56,241.56,0,0,81
1468193,52,53,1847,240.56,240.56,0,0,27
1247899,53,53,1847,241.56,241.56,0,0,41
1406503,54,53,1847,240.56,240.56,0,0,13
1437175,55,53,1847,240.56,242.56,0,0,27
1351431,56,53,1847,240.56,240.56,0,0,13
1195785,57,53,1847,243.53,242.53,0,0,28
1416930,58,53,1847,243.53,241.53,0,0,41
1381982,59,53,1847,242.53,242.53,0,0,40
1028893,60,53,1847,243.53,243.53,0,0,42
1112408,61,53,1847,241.53,242.53,0,0,41
1228403,62,53,1847,243.53,241.53,0,0,53
1153853,63,53,1847,243.53,242.53,0,0,28
1077097,64,53,1847,243.53,242.53,0,0,14
1016650,65,53,1847,243.53,241.53,0,0,28
1376678,66,53,1847,242.53,242.53,0,0,14
1284649,67,53,1847,243.53,242.53,0,0,69
1484500,68,53,1847,241.53,243.53,0,0,42
1363310,69,53,1847,231.83,233.83,0,0,41
1040459,70,53,1847,233.83,231.83,0,0,26
1224307,71,53,1847,232.83,233.83,0,0,26
1393042,72,53,1847,242.53,243.53,0,0,40
1394706,73,53,1847,233.83,233.83,0,0,42
1267939,74,53,1847,233.83,233.83,0,0,27
1282399,75,53,1847,232.83,232.83,0,0,27
1157316,76,53,1847,233.83,231.83,0,0,28
1473825,77,53,1847,231.83,231.83,0,0,27
1211237,78,53,1847,231.83,232.83,0,0,26
1330392,79,53,1847,231.83,233.83,0,0,15
1044658,80,53,1847,233.83,232.83,0,0,80
1117208,81,53,1847,212.43,214.43,0,0,41
1085392,82,53,1847,214.43,213.43,0,0,14
1480770,83,53,1847,214.43,213.43,0,0,40
1266383,84,53,1847,212.43,214.43,0,0,26
1461206,85,53,1847,213.43,212.43,0,0,15
1217179,87,53,1847,213.43,212.43,0,0,13
1119372,88,53,1847,214.43,214.43,0,0,15
1408235,90,53,1847,213.43,212.43,0,0,42
1115028,91,53,1847,214.43,212.43,0,0,40
1033224,92,53,1847,212.43,212.43,0,0,68
1456050,93,53,1847,194,196,0,0,81
1482205,94,53,1847,194,194,0,0,80
1042939,95,53,1847,188.21,188.21,0,0,42
1441206,96,53,1847,194,195,0,0,26
1483976,97,53,1847,196,194,0,0,80
1256567,98,53,1847,195,195,0,0,54
1229333,99,53,1847,196,196,0,0,94
1107228,100,53,1847,194,195,0,0,15
1389598,101,53,1847,196,196,0,0,122
1467759,102,53,1847,196,196,0,0,68
1387931,103,53,1847,194,195,0,0,53
1313746,104,53,1847,196,194,0,0,82
1441875,105,53,1847,242.5,242.5,0,0,41
1004882,106,53,1847,244.5,244.5,0,0,53
1029691,107,53,1847,243.5,242.5,0,0,28
1147385,108,53,1847,243.5,242.5,0,0,42
1481059,110,53,1847,242.5,243.5,0,0,13
1188642,111,53,1847,244.5,243.5,0,0,14
1377187,113,53,1847,243.5,244.5,0,0,53
1143584,114,53,1847,242.5,242.5,0,0,53
1480790,115,53,1847,242.5,243.5,0,0,13
1251952,116,53,1847,244.5,242.5,0,0,26
1195377,117,53,1847,194,244.5,0,0,26
1373892,118,53,1847,195,243.5,0,0,41
1339488,119,53,1847,195,242.5,0,0,40
1408113,120,53,1847,196,242.5,0,0,81
1395277,121,53,1847,195,244.5,0,0,68
1348822,122,53,1847,196,243.5,0,0,26
1309126,123,53,1847,196,194,0,0,68
1496736,124,53,1847,194,196,0,0,69
1248834,125,53,1847,196,195,0,0,95
1078297,126,53,1847,196,194,0,0,26
1164601,127,53,1847,196,195,0,0,26
1403456,128,53,1847,194,194,0,0,68
1222562,129,53,1847,195,196,0,0,67
1468562,130,53,1847,195,194,0,0,67
1437422,131,53,1847,196,195,0,0,26
1193991,132,53,1847,195,194,0,0,28
1385780,133,53,1847,194,196,0,0,68
1199924,134,53,1847,196,195,0,0,121
1252948,135,53,1847,196,196,0,0,122
1442949,136,53,1847,196,194,0,0,80
1140053,137,53,1847,195,196,0,0,28
1124459,138,53,1847,195,194,0,0,26
1032857,139,53,1847,196,195,0,0,82
1188144,140,53,1847,195,195,0,0,69
1369491,141,53,1847,194,194,0,0,14
1349146,142,53,1847,195,196,0,0,53
1303919,143,53,1847,195,195,0,0,68
1104959,144,53,1847,196,196,0,0,41
1002421,145,53,1847,195,195,0,0,69
